// Jest Snapshot v1, https://goo.gl/fbAQLP

exports[`matches snapshot 1`] = `
<DocumentFragment>
  <div
    class="Box"
  >
    <div
      style="background: rgb(125, 63, 63); width: 200px; height: 200px;"
    />
    <button
      style="width: 200px;"
    >
      X
    </button>
  </div>
</DocumentFragment>
`;
